// Jest Snapshot v1, https://goo.gl/fbAQLP

exports[`App Component should render correctly 1`] = `
ShallowWrapper {
  "length": 1,
  Symbol(enzyme.__root__): [Circular],
  Symbol(enzyme.__unrendered__): <App />,
  Symbol(enzyme.__renderer__): Object {
    "batchedUpdates": [Function],
    "getNode": [Function],
    "render": [Function],
    "simulateEvent": [Function],
    "unmount": [Function],
  },
  Symbol(enzyme.__node__): Object {
    "instance": null,
    "key": undefined,
    "nodeType": "host",
    "props": Object {
      "children": <About
        data={
          Object {
            "about": Object {
              "description": "Est dignissimos voluptas cumque. In enim cum est eligendi. Ratione reprehenderit sequi saepe nulla repellendus omnis.
 
Dolorum non error. Magni unde ratione sunt cumque impedit tempore temporibus. Saepe voluptas deserunt illum quia voluptate laborum molestiae cumque sint. Eius error nulla quas. Porro sed libero. Eum voluptatum totam ut nulla mollitia vel voluptates.
 
Voluptas rem occaecati aliquid voluptatem soluta dolorem cum ut. Ut mollitia eos quisquam. Omnis tempora similique.",
              "hours": "M - F, 7am - 8pm",
              "phone": "041-300-0703",
              "price": "$$",
              "style": "dress-code enforced",
            },
            "banner": "https://s3-us-west-1.amazonaws.com/imagesfornamson/int5.jpeg",
            "id": 90976,
            "name": "Beard Papa's",
            "photo": Array [
              "https://s3-us-west-1.amazonaws.com/imagesfornamson/icecream1.jpeg",
              "https://s3-us-west-1.amazonaws.com/imagesfornamson/icecream2.jpeg",
              "https://s3-us-west-1.amazonaws.com/imagesfornamson/icecream3.jpeg",
            ],
          }
        }
      />,
    },
    "ref": null,
    "rendered": Object {
      "instance": null,
      "key": undefined,
      "nodeType": "function",
      "props": Object {
        "data": Object {
          "about": Object {
            "description": "Est dignissimos voluptas cumque. In enim cum est eligendi. Ratione reprehenderit sequi saepe nulla repellendus omnis.
 
Dolorum non error. Magni unde ratione sunt cumque impedit tempore temporibus. Saepe voluptas deserunt illum quia voluptate laborum molestiae cumque sint. Eius error nulla quas. Porro sed libero. Eum voluptatum totam ut nulla mollitia vel voluptates.
 
Voluptas rem occaecati aliquid voluptatem soluta dolorem cum ut. Ut mollitia eos quisquam. Omnis tempora similique.",
            "hours": "M - F, 7am - 8pm",
            "phone": "041-300-0703",
            "price": "$$",
            "style": "dress-code enforced",
          },
          "banner": "https://s3-us-west-1.amazonaws.com/imagesfornamson/int5.jpeg",
          "id": 90976,
          "name": "Beard Papa's",
          "photo": Array [
            "https://s3-us-west-1.amazonaws.com/imagesfornamson/icecream1.jpeg",
            "https://s3-us-west-1.amazonaws.com/imagesfornamson/icecream2.jpeg",
            "https://s3-us-west-1.amazonaws.com/imagesfornamson/icecream3.jpeg",
          ],
        },
      },
      "ref": null,
      "rendered": null,
      "type": [Function],
    },
    "type": "div",
  },
  Symbol(enzyme.__nodes__): Array [
    Object {
      "instance": null,
      "key": undefined,
      "nodeType": "host",
      "props": Object {
        "children": <About
          data={
            Object {
              "about": Object {
                "description": "Est dignissimos voluptas cumque. In enim cum est eligendi. Ratione reprehenderit sequi saepe nulla repellendus omnis.
 
Dolorum non error. Magni unde ratione sunt cumque impedit tempore temporibus. Saepe voluptas deserunt illum quia voluptate laborum molestiae cumque sint. Eius error nulla quas. Porro sed libero. Eum voluptatum totam ut nulla mollitia vel voluptates.
 
Voluptas rem occaecati aliquid voluptatem soluta dolorem cum ut. Ut mollitia eos quisquam. Omnis tempora similique.",
                "hours": "M - F, 7am - 8pm",
                "phone": "041-300-0703",
                "price": "$$",
                "style": "dress-code enforced",
              },
              "banner": "https://s3-us-west-1.amazonaws.com/imagesfornamson/int5.jpeg",
              "id": 90976,
              "name": "Beard Papa's",
              "photo": Array [
                "https://s3-us-west-1.amazonaws.com/imagesfornamson/icecream1.jpeg",
                "https://s3-us-west-1.amazonaws.com/imagesfornamson/icecream2.jpeg",
                "https://s3-us-west-1.amazonaws.com/imagesfornamson/icecream3.jpeg",
              ],
            }
          }
        />,
      },
      "ref": null,
      "rendered": Object {
        "instance": null,
        "key": undefined,
        "nodeType": "function",
        "props": Object {
          "data": Object {
            "about": Object {
              "description": "Est dignissimos voluptas cumque. In enim cum est eligendi. Ratione reprehenderit sequi saepe nulla repellendus omnis.
 
Dolorum non error. Magni unde ratione sunt cumque impedit tempore temporibus. Saepe voluptas deserunt illum quia voluptate laborum molestiae cumque sint. Eius error nulla quas. Porro sed libero. Eum voluptatum totam ut nulla mollitia vel voluptates.
 
Voluptas rem occaecati aliquid voluptatem soluta dolorem cum ut. Ut mollitia eos quisquam. Omnis tempora similique.",
              "hours": "M - F, 7am - 8pm",
              "phone": "041-300-0703",
              "price": "$$",
              "style": "dress-code enforced",
            },
            "banner": "https://s3-us-west-1.amazonaws.com/imagesfornamson/int5.jpeg",
            "id": 90976,
            "name": "Beard Papa's",
            "photo": Array [
              "https://s3-us-west-1.amazonaws.com/imagesfornamson/icecream1.jpeg",
              "https://s3-us-west-1.amazonaws.com/imagesfornamson/icecream2.jpeg",
              "https://s3-us-west-1.amazonaws.com/imagesfornamson/icecream3.jpeg",
            ],
          },
        },
        "ref": null,
        "rendered": null,
        "type": [Function],
      },
      "type": "div",
    },
  ],
  Symbol(enzyme.__options__): Object {
    "adapter": ReactSixteenAdapter {
      "options": Object {
        "enableComponentDidUpdateOnSetState": true,
      },
    },
  },
}
`;
